OK
# Selection test of coordinates (10, 2) and (4, 5) has been created.

# The program is being closed.