ERR
# Invalide name.

# The program is being closed.