ERR
# Invalide values.
ERR
# Invalide values.

# The program is being closed.