OK
# Circle test of center (12, 34) and radius 10 has been created.

# The program is being closed