ERR
# Invalide file name.
ERR
# Invalide file name.

# The program is being closed.