OK
# Poly-line test passing by (1, 2), (1,3), (2,3), (2,2), (1,1) has been created.

# The program is being closed.