ERR
# The file ExistentFile already exists.

# The program is being closed.