OK
# The file test has been saved.

# The program is being closed.