OK
# All objects have been deleted.

# The program is being closed.