OK
# The file test has been loaded.

# The program is being closed.