ERR
# The file test doesn't exist.

# The program is being closed.