ERR
# Invalide first point.
ERR
# Invalide first point.
ERR
# Invalide second point.
ERR
# Invalide second point.

# The program is being closed.