OK
# Rectangle test of coordinates (0, 0) and (2, 2) has been created.
OK
# The object test has been moved by 5 over the x-axis and 5 over the y-axis.

# The program is being closed.