OK
# Line test passing by (2, 4) and (4, 8) has been created.

# The program is being closed.