ERR
# Invalide center.
ERR
# Invalide center.

# The program is being closed.