ERR
# Invalide radius.

# The program is being closed.