ERR
# Invalide 5th point.

# The program is being closed.